// Jest Snapshot v1, https://goo.gl/fbAQLP

exports[`MenuCloseButton renders correctly 1`] = `
<div
  className="menu-close-button mobile-ui--only align--top-right--abs"
  onClick={undefined}
>
  <span
    className="svg-icon-wrapper"
  >
    <svg
      aria-labelledby="title"
      height="48"
      viewBox="0 0 48 48"
      width="48"
      xmlns="http://www.w3.org/2000/svg"
    >
      <title
        id="title"
      >
        Homeyantra Navigation Close
      </title>
      <path
        d="M25.4 24l4.9-4.9c.4-.4.5-1.1.1-1.5-.4-.4-1.1-.4-1.5.1L24 22.6l-4.9-4.9c-.4-.4-1.1-.5-1.5-.1-.4.4-.4 1.1.1 1.5l4.9 4.9-4.9 4.9c-.4.4-.5 1.1-.1 1.5s1.1.4 1.5-.1l4.9-4.9 4.9 4.9c.4.4 1.1.5 1.5.1s.4-1.1-.1-1.5L25.4 24z"
        fill="#38afc7"
      />
    </svg>
  </span>
</div>
`;
