// Jest Snapshot v1, https://goo.gl/fbAQLP

exports[`BackToTopFromFooter renders correct snapshot 1`] = `
<div
  className="back-to-top-from-footer"
>
  Back to top
</div>
`;
